Copyright 1986-2020 Xilinx, Inc. All Rights Reserved.
-------------------------------------------------------------------------------------
| Tool Version : Vivado v.2020.2 (win64) Build 3064766 Wed Nov 18 09:12:45 MST 2020
| Date         : Tue Dec  1 22:08:26 2020
| Host         : shohamlaptop running 64-bit major release  (build 9200)
| Command      : report_control_sets -verbose -file au_top_0_control_sets_placed.rpt
| Design       : au_top_0
| Device       : xc7a35t
-------------------------------------------------------------------------------------

Control Set Information

Table of Contents
-----------------
1. Summary
2. Histogram
3. Flip-Flop Distribution
4. Detailed Control Set Information

1. Summary
----------

+----------------------------------------------------------+-------+
|                          Status                          | Count |
+----------------------------------------------------------+-------+
| Total control sets                                       |     7 |
|    Minimum number of control sets                        |     7 |
|    Addition due to synthesis replication                 |     0 |
|    Addition due to physical synthesis replication        |     0 |
| Unused register locations in slices containing registers |    21 |
+----------------------------------------------------------+-------+
* Control sets can be merged at opt_design using control_set_merge or merge_equivalent_drivers
** Run report_qor_suggestions for automated merging and remapping suggestions


2. Histogram
------------

+--------------------+-------+
|       Fanout       | Count |
+--------------------+-------+
| Total control sets |     7 |
| >= 0 to < 4        |     0 |
| >= 4 to < 6        |     1 |
| >= 6 to < 8        |     1 |
| >= 8 to < 10       |     0 |
| >= 10 to < 12      |     1 |
| >= 12 to < 14      |     1 |
| >= 14 to < 16      |     0 |
| >= 16              |     3 |
+--------------------+-------+
* Control sets can be remapped at either synth_design or opt_design


3. Flip-Flop Distribution
-------------------------

+--------------+-----------------------+------------------------+-----------------+--------------+
| Clock Enable | Synchronous Set/Reset | Asynchronous Set/Reset | Total Registers | Total Slices |
+--------------+-----------------------+------------------------+-----------------+--------------+
| No           | No                    | No                     |              11 |            4 |
| No           | No                    | Yes                    |               0 |            0 |
| No           | Yes                   | No                     |               4 |            1 |
| Yes          | No                    | No                     |               0 |            0 |
| Yes          | No                    | Yes                    |               0 |            0 |
| Yes          | Yes                   | No                     |             148 |           37 |
+--------------+-----------------------+------------------------+-----------------+--------------+


4. Detailed Control Set Information
-----------------------------------

+----------------+------------------------------------+----------------------------+------------------+----------------+--------------+
|  Clock Signal  |            Enable Signal           |      Set/Reset Signal      | Slice Load Count | Bel Load Count | Bels / Slice |
+----------------+------------------------------------+----------------------------+------------------+----------------+--------------+
|  clk_IBUF_BUFG |                                    | reset_cond/M_reset_cond_in |                1 |              4 |         4.00 |
|  clk_IBUF_BUFG | ge/M_current_d                     | reset_cond/Q[0]            |                2 |              7 |         3.50 |
|  clk_IBUF_BUFG |                                    |                            |                4 |             11 |         2.75 |
|  clk_IBUF_BUFG | ge/M_button_a_d                    | reset_cond/Q[0]            |                6 |             12 |         2.00 |
|  clk_IBUF_BUFG | ge/ram/ram/ram_reg_0_1_0_5_i_1_n_0 |                            |                2 |             16 |         8.00 |
|  clk_IBUF_BUFG | ge/random/CEC                      | reset_cond/Q[0]            |                9 |             33 |         3.67 |
|  clk_IBUF_BUFG | ge/random/M_random_next            | reset_cond/Q[0]            |               20 |             96 |         4.80 |
+----------------+------------------------------------+----------------------------+------------------+----------------+--------------+


